[03:47:16] E5 训练队列启动, device=cuda
[03:47:21] TRAIN SMD seed0: 4s AUROC=0.8029
[03:47:21] SCORE SMD seed0: T=28464 已缓存
[03:47:22] TRAIN SMD seed1: 1s AUROC=0.7758
[03:47:22] SCORE SMD seed1: T=28464 已缓存
[03:47:22] TRAIN SMD seed2: 1s AUROC=0.8170
[03:47:23] SCORE SMD seed2: T=28464 已缓存
[03:47:23] TRAIN SMD seed3: 1s AUROC=0.7910
[03:47:24] SCORE SMD seed3: T=28464 已缓存
[03:47:25] TRAIN PSM seed0: 1s AUROC=0.7097
[03:47:25] SCORE PSM seed0: T=110146 已缓存
[03:47:26] TRAIN PSM seed1: 1s AUROC=0.6126
[03:47:27] SCORE PSM seed1: T=110146 已缓存
[03:47:28] TRAIN PSM seed2: 1s AUROC=0.6828
[03:47:29] SCORE PSM seed2: T=110146 已缓存
[03:47:30] TRAIN PSM seed3: 1s AUROC=0.5706
[03:47:30] SCORE PSM seed3: T=110146 已缓存
[03:47:37] TRAIN SWaT seed0: 7s AUROC=0.0011
[03:47:44] SCORE SWaT seed0: T=144157 已缓存
[03:47:50] TRAIN SWaT seed1: 7s AUROC=0.7612
[03:47:57] SCORE SWaT seed1: T=144157 已缓存
[03:48:03] TRAIN SWaT seed2: 7s AUROC=0.2807
[03:48:10] SCORE SWaT seed2: T=144157 已缓存
[03:48:16] TRAIN SWaT seed3: 7s AUROC=0.5762
[03:48:23] SCORE SWaT seed3: T=144157 已缓存
[03:48:24] TRAIN MSL seed0: 1s AUROC=0.5292
[03:48:25] SCORE MSL seed0: T=66008 已缓存
[03:48:25] TRAIN MSL seed1: 1s AUROC=0.5652
[03:48:26] SCORE MSL seed1: T=66008 已缓存
[03:48:27] TRAIN MSL seed2: 1s AUROC=0.6186
[03:48:28] SCORE MSL seed2: T=66008 已缓存
[03:48:28] TRAIN MSL seed3: 1s AUROC=0.5771
[03:48:29] SCORE MSL seed3: T=66008 已缓存
[03:48:30] TRAIN MSL seed4: 1s AUROC=0.5638
[03:48:30] SCORE MSL seed4: T=66008 已缓存
[03:48:31] TRAIN MSL seed5: 1s AUROC=0.5536
[03:48:32] SCORE MSL seed5: T=66008 已缓存
[03:48:33] TRAIN MSL seed6: 1s AUROC=0.6047
[03:48:33] SCORE MSL seed6: T=66008 已缓存
[03:48:34] TRAIN MSL seed8: 1s AUROC=0.6164
[03:48:35] SCORE MSL seed8: T=66008 已缓存
[03:48:35] TRAIN MSL seed9: 1s AUROC=0.6198
[03:48:36] SCORE MSL seed9: T=66008 已缓存
[03:48:37] TRAIN MSL seed10: 1s AUROC=0.5547
[03:48:38] SCORE MSL seed10: T=66008 已缓存
[03:48:40] TRAIN SMAP seed0: 2s AUROC=0.4974
[03:48:42] SCORE SMAP seed0: T=281385 已缓存
[03:48:44] TRAIN SMAP seed1: 2s AUROC=0.5501
[03:48:46] SCORE SMAP seed1: T=281385 已缓存
[03:48:48] TRAIN SMAP seed2: 2s AUROC=0.5655
[03:48:50] SCORE SMAP seed2: T=281385 已缓存
[03:48:52] TRAIN SMAP seed3: 2s AUROC=0.5099
[03:48:54] SCORE SMAP seed3: T=281385 已缓存
[03:48:56] TRAIN SMAP seed4: 2s AUROC=0.5516
[03:48:58] SCORE SMAP seed4: T=281385 已缓存
[03:49:00] TRAIN SMAP seed5: 2s AUROC=0.5133
[03:49:02] SCORE SMAP seed5: T=281385 已缓存
[03:49:04] TRAIN SMAP seed6: 2s AUROC=0.4691
[03:49:06] SCORE SMAP seed6: T=281385 已缓存
[03:49:08] TRAIN SMAP seed8: 2s AUROC=0.4930
[03:49:09] SCORE SMAP seed8: T=281385 已缓存
[03:49:12] TRAIN SMAP seed9: 2s AUROC=0.5246
[03:49:13] SCORE SMAP seed9: T=281385 已缓存
[03:49:15] TRAIN SMAP seed10: 2s AUROC=0.5717
[03:49:17] SCORE SMAP seed10: T=281385 已缓存
[03:49:41] TRAIN WADI seed0: 24s AUROC=0.5663
[03:50:05] SCORE WADI seed0: T=69106 已缓存
[03:50:29] TRAIN WADI seed1: 24s AUROC=0.6165
[03:50:53] SCORE WADI seed1: T=69106 已缓存
[03:51:17] TRAIN WADI seed2: 25s AUROC=0.7298
[03:51:46] SCORE WADI seed2: T=69106 已缓存
[03:52:15] TRAIN WADI seed3: 29s AUROC=0.5677
[03:52:46] SCORE WADI seed3: T=69106 已缓存
[03:53:13] TRAIN WADI seed4: 28s AUROC=0.4525
[03:53:45] SCORE WADI seed4: T=69106 已缓存
[03:54:16] TRAIN WADI seed5: 31s AUROC=0.5419
[03:54:48] SCORE WADI seed5: T=69106 已缓存
[03:55:13] TRAIN WADI seed6: 24s AUROC=0.5512
[03:55:37] SCORE WADI seed6: T=69106 已缓存
[03:56:01] TRAIN WADI seed8: 24s AUROC=0.6575
[03:56:25] SCORE WADI seed8: T=69106 已缓存
[03:56:49] TRAIN WADI seed9: 24s AUROC=0.5558
[03:57:14] SCORE WADI seed9: T=69106 已缓存
[03:57:38] TRAIN WADI seed10: 24s AUROC=0.6838
[03:58:12] SCORE WADI seed10: T=69106 已缓存
[03:58:12] 队列全部完成
